2026-08-07 05:38:54,740 - INFO - Начало процесса парсинга
2026-08-07 05:38:54,740 - INFO - Загружено 23 подписок
2026-08-07 05:38:54,740 - INFO - Получение данных из подписок...
2026-08-07 05:38:54,938 - INFO - Успешно получено: https://raw.githubusercontent.com/wlunlocker/vpn-c...
2026-08-07 05:38:55,016 - INFO - Успешно получено: https://raw.githubusercontent.com/Surfboardv2ray/T...
2026-08-07 05:38:55,154 - INFO - Успешно получено: https://raw.githubusercontent.com/hamedcode/port-b...
2026-08-07 05:38:55,154 - INFO - Успешно получено: https://raw.githubusercontent.com/anonymouskeys/Fr...
2026-08-07 05:38:55,198 - INFO - Успешно получено: https://raw.githubusercontent.com/Alirewa/V2ray-Co...
2026-08-07 05:38:55,257 - INFO - Успешно получено: https://github.com/Au1rxx/free-vpn-subscriptions/r...
2026-08-07 05:38:55,257 - INFO - Успешно получено: https://raw.githubusercontent.com/luxxuria/harvest...
2026-08-07 05:38:55,258 - INFO - Успешно получено: https://raw.githubusercontent.com/anonymouskeys/Fr...
2026-08-07 05:38:55,259 - INFO - Успешно получено: https://raw.githubusercontent.com/YawStar/Proxy-Hu...
2026-08-07 05:38:55,318 - INFO - Успешно получено: https://raw.githubusercontent.com/hamedcode/port-b...
2026-08-07 05:38:55,319 - INFO - Успешно получено: https://raw.githubusercontent.com/nukcrow/black-cr...
2026-08-07 05:38:55,319 - INFO - Успешно получено: https://raw.githubusercontent.com/wlunlocker/vpn-c...
2026-08-07 05:38:55,320 - INFO - Успешно получено: https://raw.githubusercontent.com/hamedcode/port-b...
2026-08-07 05:38:55,355 - INFO - Успешно получено: https://raw.githubusercontent.com/anonymouskeys/Fr...
2026-08-07 05:38:55,355 - INFO - Успешно получено: https://raw.githubusercontent.com/anonymouskeys/Fr...
2026-08-07 05:38:55,393 - INFO - Успешно получено: https://raw.githubusercontent.com/nukcrow/black-cr...
2026-08-07 05:38:55,736 - INFO - Успешно получено: https://raw.githubusercontent.com/rtwo2/FastNodes/...
2026-08-07 05:38:55,736 - INFO - Успешно получено: https://raw.githubusercontent.com/anonymouskeys/Fr...
2026-08-07 05:38:55,775 - INFO - Успешно получено: https://scarlet-devil.vercel.app/sub...
2026-08-07 05:38:55,792 - INFO - Успешно получено: https://github.com/Delta-Kronecker/V2ray-Config/ra...
2026-08-07 05:38:55,801 - INFO - Успешно получено: https://raw.githubusercontent.com/anonymouskeys/Fr...
2026-08-07 05:38:55,856 - INFO - Успешно получено: https://raw.githubusercontent.com/Darmioniks/proxy...
2026-08-07 05:38:56,349 - INFO - Успешно получено: https://raw.githubusercontent.com/anonymouskeys/Fr...
2026-08-07 05:38:56,354 - INFO - Обработка подписок...
2026-08-07 05:39:31,272 - INFO - Найдено 3545 Telegram-каналов
2026-08-07 05:39:31,272 - INFO - Найдено 58946 уникальных профилей
2026-08-07 05:39:31,272 - INFO - Получение данных из Telegram-каналов...
2026-08-07 05:39:46,636 - INFO - Оценка качества каналов...
2026-08-07 05:39:46,677 - INFO - Применение многоуровневой дедупликации профилей...
2026-08-07 05:39:46,677 - INFO - Уровень 1: Дедупликация по host:port...
2026-08-07 05:39:47,277 - INFO -   После уровня 1: 58740 профилей
2026-08-07 05:39:47,277 - INFO - Уровень 2: Дедупликация по хешу конфигурации...
2026-08-07 05:39:47,978 - INFO -   После уровня 2: 58740 профилей
2026-08-07 05:39:47,978 - INFO - Уровень 3: Дедупликация по схожим конфигурациям...
2026-08-07 05:39:52,300 - INFO -   После уровня 3: 56005 профилей
2026-08-07 05:39:52,300 - INFO - Итого: Дедупликация: 58946 -> 56005 (удалено 2941 дубликатов)
2026-08-07 05:39:52,398 - INFO - Результат дедупликации: Дедупликация: 58946 -> 56005 (удалено 2941 дубликатов)
2026-08-07 05:39:52,398 - INFO - Сохранение результатов...
2026-08-07 05:39:52,774 - INFO - Сохранено 56005 профилей в protocols.txt
2026-08-07 05:39:52,774 - INFO - Сохранено 3545 каналов в best_channels.txt
2026-08-07 05:39:52,775 - INFO - Процесс завершен
